// Jest Snapshot v1, https://goo.gl/fbAQLP

exports[`CoolStuff has list of cool stuff to do 1`] = `
<DocumentFragment>
  <h2>
    Campsites
  </h2>
  <h2 />
  <h2>
    Huts
  </h2>
  <h2 />
  <h2>
    Tracks
  </h2>
  <h2 />
</DocumentFragment>
`;
