// Jest Snapshot v1, https://goo.gl/fbAQLP

exports[`Greeting displays welcoming message 1`] = `<DocumentFragment />`;
