// Jest Snapshot v1, https://goo.gl/fbAQLP

exports[`Roadie Map contains a map 1`] = `<DocumentFragment />`;
